================================================================================
  SCIS CONNECT MOBILE — APPLICATION & ERROR LOG
================================================================================
  Created / Initialized: Sunday, August 23, 2026, 16:30:00 IST (UTC+05:30)
  ISO Timestamp:         2026-08-23T16:30:00.000+05:30
  Application:           SCIS Connect Mobile
  Runtime Stack:         Expo SDK 54 (~54.0.36) | React Native 0.81.5 | React 19.1.0
  Log File Target:       logs/errors.log
  Status:                ACTIVE — All systems operational (0 runtime errors logged)
================================================================================

[LOG FORMAT SPECIFICATION]
  Format:     [YYYY-MM-DD HH:mm:ss.SSS] [LEVEL] [MODULE/SCOPE] Message
  Levels:     [DEBUG] [INFO] [WARN] [ERROR] [FATAL]
  Timezone:   Asia/Kolkata (IST, UTC+05:30)

--------------------------------------------------------------------------------
  INITIALIZATION & SYSTEM LIFECYCLE
--------------------------------------------------------------------------------
  [2026-08-23 16:30:00.100] [INFO]  [SYSTEM] Environment: Expo SDK 54 (~54.0.36), React Native 0.81.5, React 19.1.0
  [2026-08-23 16:30:00.150] [INFO]  [STYLING] NativeWind v4 (^4.2.6) + Tailwind CSS v3 (~3.4.17) initialized
  [2026-08-23 16:30:00.200] [INFO]  [ROUTER] Expo Router v6 (~6.0.24) route tree loaded
  [2026-08-23 16:30:00.250] [INFO]  [LOGGER] Centralized error log initialized with structured timestamping
  [2026-08-23 16:30:00.300] [INFO]  [HEALTH] System Health Check: OK — No unresolved runtime errors detected
  [2026-08-23 18:31:00.100] [INFO]  [AUTH] Authentication module initialized: app/(auth)/login.tsx
  [2026-08-23 18:31:00.150] [INFO]  [UI] Registered UI primitives: Button, Input, Card with NativeWind styling
  [2026-08-23 18:31:00.200] [INFO]  [VALIDATION] Form validation rules active for student login credentials
  [2026-08-23 18:41:00.100] [INFO]  [CLEANUP] Workspace audit complete: removed unused template assets and build artifacts
  [2026-08-23 18:50:00.100] [INFO]  [ROUTER] Layout structure updated with explicit Stack.Screen definitions
  [2026-08-23 18:50:00.150] [INFO]  [UI] Normalized NativeWind component styles (Input, Button, Card, LoginScreen)
  [2026-08-23 18:50:00.200] [INFO]  [CONFIG] Disabled experimental reactCompiler in app.json for NativeWind interop stability
  [2026-08-23 18:55:00.100] [INFO]  [UI] Updated Student ID and Password input placeholders in app/(auth)/login.tsx
  [2026-08-23 19:01:00.100] [INFO]  [REBRAND] Updated platform branding and entity names across workspace from MCA to SCIS
  [2026-08-23 19:14:00.100] [INFO]  [API] Core API Client initialized: services/api.ts connected to Railway backend
  [2026-08-23 19:14:00.150] [INFO]  [AUTH] Forgot Password screen implemented: app/(auth)/forgot-password.tsx
  [2026-08-23 19:14:00.200] [INFO]  [AUTH] Endpoint integrated: POST /api/auth/forgot-password with live error and success handling
  [2026-08-23 22:40:00.100] [INFO]  [THEME] Color palette migrated to Violet/Lavender/Charcoal (#6D28D9, #8B5CF6, #C4B5FD, #F5F3FF, #1F2937) across constants/colors.ts, tailwind.config.js, UI components, and auth screens.
  [2026-08-24 09:30:00.100] [INFO]  [STORAGE] Centralized session & cookie manager created in services/storage.ts
  [2026-08-24 09:30:00.150] [INFO]  [API] Enhanced services/api.ts to automatically extract Set-Cookie headers, persist session cookies, and attach Cookie / Bearer Authorization headers
  [2026-08-24 09:34:00.100] [INFO]  [DOCS] Documentation updated in docs/login-api-integration.md and implementation plan finalized
  [2026-08-24 09:44:00.100] [INFO]  [STORAGE] Updated storageService to support Remember Me preference tracking and automatic cookie purging on uncheck
  [2026-08-24 09:44:00.150] [INFO]  [API] Configured apiClient to conditionally parse and store Set-Cookie headers only when Remember Me / saveCookies is enabled
  [2026-08-24 09:44:00.200] [INFO]  [AUTH] Configured authApi.login to only persist refreshToken cookies if credentials.rememberMe is checked; clears cookies when disabled
  [2026-08-24 09:44:00.250] [INFO]  [DOCS] Created docs/remember-me-cookie-management.md and updated docs/login-api-integration.md
  [2026-08-24 09:54:00.100] [INFO]  [CONFIG] Added REFRESH: "/api/auth/refresh" endpoint to constants/config.ts
  [2026-08-24 09:54:00.150] [INFO]  [STORAGE] Added explicit getRefreshToken, setRefreshToken, and hasRefreshToken methods in services/storage.ts
  [2026-08-24 09:54:00.200] [INFO]  [AUTH] Implemented authApi.refreshToken() in features/auth/api.ts with 200/401/403 contract handling
  [2026-08-24 09:54:00.250] [INFO]  [API] Added silent token refresh retry on 401 Unauthorized for protected endpoints in services/api.ts
  [2026-08-24 09:54:00.300] [INFO]  [DOCS] Created docs/token-refresh-api-integration.md documenting /api/auth/refresh contract
  [2026-08-28 22:50:00.100] [INFO]  [CONFIG] Added RESULTS endpoints (/api/results/*) to constants/config.ts
  [2026-08-28 22:50:00.150] [INFO]  [RESULTS] Implemented types.ts, api.ts, store.ts, hooks.ts in features/results/
  [2026-08-28 22:50:00.200] [INFO]  [UI] Integrated live Results, Topic Mastery drilldown modal, Answers Review modal, Speed Pacing, and Growth Tips in PlacementDetailModal.tsx
  [2026-08-30 10:45:00.100] [INFO]  [CONFIG] Configured backend result endpoints in constants/config.ts
  [2026-08-30 10:45:00.150] [INFO]  [RESULTS] Added SingleResultResponse, ComputeResultResponse, PublishResultResponse, AssessmentResultsResponse in features/results/types.ts
  [2026-08-30 10:45:00.200] [INFO]  [RESULTS_API] Implemented getResult, getAssessmentResults, computeResult, and publishResult in features/results/api.ts
  [2026-08-30 10:45:00.250] [INFO]  [STORE_HOOKS] Added fetchResultById, fetchAssessmentResults, computeResult, publishResult to useResultStore and hooks (useResult, useAssessmentResults, useResultActions)
  [2026-08-30 10:45:00.300] [INFO]  [NAVIGATION_UI] Registered /placement/tests route, linked Placement Studio Tests & Results card, created dedicated app/(app)/placement/tests.tsx screen with faculty actions and result drilldown modals
  [2026-08-30 10:50:00.100] [INFO]  [API_ENDPOINT] Updated results endpoints to exact backend route /api/assessments/results/my with robust payload envelope unwrapping
  [2026-08-30 10:50:00.150] [INFO]  [UI_REDESIGN] Removed all dummy mock data from test & results; styled assessment scorecard cards to match user reference design exactly
  [2026-08-30 10:53:00.100] [INFO]  [FORMATTING] Formatted all percentage, accuracy, percentile, and section mastery metrics to exactly 1 decimal point
  [2026-08-30 10:56:00.100] [INFO]  [REVIEW_FLOW] Enhanced review answers flow with resilient fallback handling and clean 'No Review Found' state when no attempt review exists
  [2026-08-30 10:56:30.100] [INFO]  [VERIFICATION] Ran npx tsc --noEmit: Passed with 0 errors.
  [2026-08-30 13:45:00.100] [INFO]  [NOTIFICATIONS_TYPES] Added normalizeNotification helper and extended NotificationItem with id?: string and isRead?: boolean
  [2026-08-30 13:45:30.100] [INFO]  [NOTIFICATIONS_API] Added multi-verb fallback attempts and individual batch item fallbacks for markAsRead, markAllAsRead, and getUnreadCount
  [2026-08-30 13:45:50.100] [INFO]  [NOTIFICATIONS_STORE] Implemented optimistic state updates for markAllAsRead, normalized payload parsing, and resilient unread count calculation
  [2026-08-30 13:46:10.100] [INFO]  [NOTIFICATIONS_UI] Synchronized NotificationCard, NotificationsScreen, and Tab Bar Badge to evaluate isRead = Boolean(read || isRead)
  [2026-08-30 14:31:00.100] [INFO]  [LOGO] Registered logo.png in constants/images.ts and updated app.json app icon, adaptiveIcon, and splash screen binds
  [2026-08-30 14:31:00.150] [INFO]  [BRANDING_UI] Integrated official logo.png into app/index.tsx gateway screen, app/(auth)/login.tsx, app/(auth)/forgot-password.tsx, and Home tab university footer
  [2026-08-30 14:31:30.100] [INFO]  [DOCS] Created docs/app-logo-integration.md and learning/22-app-branding-and-asset-management.md
  [2026-08-30 14:31:40.100] [INFO]  [VERIFICATION] Ran npx tsc --noEmit: Passed with 0 errors. All assets and screens verified.
  [2026-08-30 23:30:00.100] [INFO]  [PLACEMENT_TYPES] Added officialLink, careersPage, referralAvailable, hiddenFromUsers, and externalApplyUrl to PlacementJob and PlacementDrive
  [2026-08-30 23:30:00.150] [INFO]  [URL_UTIL] Created utils/url.ts with formatExternalUrl and openExternalUrl (Linking + WebBrowser)
  [2026-08-30 23:30:00.200] [INFO]  [PLACEMENT_UI] Integrated official site redirection, careers page quick-access cards, referral badges, and backend application sync in PlacementJobDetailModal.tsx & PlacementJobCard.tsx
  [2026-08-30 23:30:00.250] [INFO]  [PLACEMENT_STORE] Added filter for hiddenFromUsers to protect non-published administrative postings from student feeds
  [2026-08-30 23:30:00.300] [INFO]  [DOCS] Created docs/placement-official-link-apply.md and learning/23-external-job-application-integration.md
  [2026-08-30 23:32:00.100] [INFO]  [UI_FIX] Fixed eligibleCourses, eligibleBatches, and eligibleDepartments horizontal overflow in PlacementJobDetailModal.tsx with responsive wrapping badges.
  [2026-08-31 01:34:00.100] [INFO]  [CHALLENGES_API] Enhanced challengesApi with getChallengeLeaderboard (/api/challenges/:id/leaderboard) and getChallengeDailyMax (/api/challenges/:id/daily-max & /daily-m fallback)
  [2026-08-31 01:34:00.150] [INFO]  [CHALLENGES_STORE] Extended useChallengeStore with challengeDailyMax cache, selectedChallengeId state, and fetchChallengeDailyMax action
  [2026-08-31 01:34:00.200] [INFO]  [CHALLENGES_HOOKS] Added useChallengeDailyMax and enhanced useLeaderboard with responsive challenge binding
  [2026-08-31 01:34:00.250] [INFO]  [LEADERBOARD_UI] Integrated sprint selector carousel, dual-subtabs (Leaderboard Standings vs Daily Top Solvers), and user highlighting in PlacementDetailModal.tsx
  [2026-08-31 01:34:00.300] [INFO]  [DOCS] Created docs/challenge-leaderboard-daily-max-api.md and learning/24-challenge-leaderboard-and-daily-max-integration.md
  [2026-08-31 01:34:00.350] [INFO]  [VERIFICATION] Executed npx tsc --noEmit: Passed with 0 errors. All contracts verified.

================================================================================
  RUNTIME ERRORS & EXCEPTION LOG
================================================================================
  [2026-08-23 18:41:50.000] [ERROR] [NAVIGATION] Error: Couldn't find a navigation context. Have you wrapped your app with 'NavigationContainer'?
    - Origin: components/ui/Input.tsx:59 inside LoginScreen -> AuthLayout -> RootLayout
    - Root Cause: NativeWind transition-all / ring-* utilities and experimental React Compiler triggered CSS interop race condition during initial navigation tree mount.
    - Resolution: Removed web-only transition/ring utilities, switched to clean React Native styling, added explicit Stack.Screen layout declarations, and disabled experimental reactCompiler.
    - Verification: Bundling and doctor checks verified passing with 0 errors. Status: RESOLVED.

  [2026-08-31 01:36:00.000] [ERROR] [NAVIGATION] Error: Couldn't find a navigation context. Have you wrapped your app with 'NavigationContainer'?
    - Origin: components/placement/PlacementDetailModal.tsx inside Daily Top Solvers sub-tab switch
    - Root Cause: Web-only NativeWind classes (bg-gradient-to-r, from-orange-600, to-amber-600) and shadow-xs caused NativeWind CSS interop evaluation failure during sub-tab re-render, triggering React Navigation boundary unmount.
    - Resolution: Replaced unsupported gradient and shadow utility classes with clean, native solid color background tokens (bg-orange-600 dark:bg-orange-700), added defensive type guards for unpopulated student user objects and questions arrays in DailyMaxRecord.
    - Verification: npx tsc --noEmit passed with 0 errors. Sub-tab toggle renders seamlessly without error boundaries. Status: RESOLVED.

  [2026-08-31 01:43:00.000] [INFO]  [ZERO_DUMMY_DATA] Removed all dummy and mock datasets from PlacementDetailModal.tsx, features/placement/mockData.ts, and features/profile. All features now render clean empty states when no data is available.
  [2026-08-31 01:43:30.000] [INFO]  [DOCS] Created docs/zero-dummy-data-policy.md and learning/25-removing-dummy-data-and-clean-empty-states.md. Verified with npx tsc --noEmit (0 errors).
  [2026-08-31 01:45:00.000] [INFO]  [CHALLENGE_LEADERBOARD] Fixed leaderboard normalizer in store.ts to unpack nested user objects (user.name, user.roll_no, leetcodeUsername) from live API /api/challenges/:id/leaderboard.
  [2026-08-31 01:50:00.000] [INFO]  [ZERO_SOLVE_FILTER] Filtered out empty day buckets (dailySolveCount <= 0) and zero-score unpopulated rows from /api/challenges/:id/daily-max and /leaderboard. Empty days and inactive sprints now strictly render clean "No Daily Solves Yet" / "No Leaderboard Standings Yet" empty states.
  [2026-08-31 01:53:00.000] [INFO]  [DAILY_MAX_BATCH] Integrated ?batch=OVERAL query parameter into getChallengeDailyMax in api.ts, store.ts, and hooks.ts, with deep user extraction.
  [2026-08-31 01:55:00.000] [INFO]  [DAILY_SOLVES_RESOLUTION] Added questions.length and topUser/rawUser solve count fallback resolution for daily-max endpoint. Verified 0 TS errors.
  [2026-08-31 02:03:00.000] [INFO]  [CHALLENGE_URL_VERIFICATION] Verified backend API contracts for challenge 6a8c49af3bfa6e18ce7ac125 corresponding to web URL https://scisconnect.up.railway.app/challenges/6a8c49af3bfa6e18ce7ac125/leaderboard.
  [2026-08-31 02:03:30.000] [INFO]  [CHALLENGES_CONFIG] Centralized CHALLENGES and CERTIFICATES endpoints in constants/config.ts under API_CONFIG.ENDPOINTS.
  [2026-08-31 02:03:40.000] [INFO]  [LEADERBOARD_ENHANCEMENT] Extended LeaderboardEntry and DailyMaxRecord in features/challenges/types.ts and store.ts to unpack pairName, groupName, dailyTotal, and students arrays.
  [2026-08-31 02:03:50.000] [INFO]  [ZERO_GRAPH_POLICY] Confirmed Leaderboard and Daily Max Solvers render entirely using mobile-first UI cards with gold/silver/bronze podium badges, student roll numbers, and solve counts without any graph libraries.
  [2026-08-31 09:24:00.000] [INFO]  [APK_NOTIFICATIONS_FIX] Resolved missing notification delivery for newly posted jobs in standalone APK builds:
    - Added expo-notifications plugin & Android 13+ permissions (POST_NOTIFICATIONS, RECEIVE_BOOT_COMPLETED, VIBRATE, WAKE_LOCK) to app.json.
    - Updated getExpoPushTokenAsync with explicit EAS projectId ("97969023-a829-43e7-8bf0-00ad4847726a") in notificationPermissions.ts.
    - Synchronized push token upon user login and session bootstrap in authStore.ts.
    - Routed Android notification channels with explicit channelId in scheduleNotificationAsync inside notificationEngine.ts.
    - Persisted seen job IDs across APK app terminations via SecureStore in JobWatcher (scis_known_job_ids).
    - Integrated AppState foreground return and 60-second periodic polling in app/_layout.tsx for real-time job detection.
    - Created docs/apk-job-notification-fix.md and learning/28-apk-build-push-and-job-notification-architecture.md. Verified with npx tsc --noEmit (0 errors).

  [2026-08-31 09:28:40.000] [INFO]  [PLACEMENT_STUDIO] Removed Download button from "My Certificates" modal in components/placement/PlacementDetailModal.tsx.
    - Replaced actionable Download button with a verified credential badge and issue date display.
    - Verified TypeScript build: npx tsc --noEmit (0 errors).
    - Created docs/remove-certificate-download-button.md.

  [2026-08-31 09:41:00.000] [INFO]  [NOTIFICATION_OPTIONS_AND_SETTINGS] Implemented comprehensive notification preferences, persistent state, Android 13+ permission flow, and diagnostics:
    - Added NotificationPreferences interface and SecureStore persistence in services/storage.ts.
    - Updated services/notifications/notificationEngine.ts to check master & category user preferences and properly route Android channel triggers.
    - Added checkNotificationPermissions(), requestNotificationPermissionsWithPrompt() with deep-linking to device App Settings, and sendTestNotification() in services/notifications/notificationPermissions.ts.
    - Extended features/notifications/store.ts with persistent preference actions and permission state.
    - Built components/notifications/NotificationSettingsModal.tsx with live device permission status, category toggles, and live diagnostic notification dispatch.
    - Integrated Notification Settings modal into app/(app)/(tabs)/notifications.tsx header and app/(app)/(tabs)/profile.tsx preferences card.
  [2026-08-31 09:45:00.000] [INFO]  [NOTIFICATION_SETTINGS_UI] Cleaned and streamlined NotificationSettingsModal.tsx:
    - Removed diagnostic test notification card and device notification status banner.
    - Preserved master notification switch and granular channel toggles (Placement Jobs, Campus Announcements, Deadlines, and Assessment Results).
    - Verified full TypeScript compilation: npx tsc --noEmit (0 errors).

  [2026-08-31 10:34:00.000] [INFO]  [REALTIME_NOTIFICATIONS_FIX] Fixed new job and deadline reminder notification delivery and automatic Notification Center synchronization:
    - Fixed JobWatcher baseline restoration in features/placement/jobWatcher.ts so previously stored IDs are preserved across restarts and new jobs are detected accurately.
    - Updated services/notifications/notificationEngine.ts to map APPLICATION_DEADLINE to JOB_DEADLINE_REMINDER and optimistically update Zustand notifications state.
    - Enhanced features/notifications/store.ts to retain recent optimistic local notifications during server fetch merges.
    - Updated components/placement/PlacementJobDetailModal.tsx to dispatch APPLICATION_DEADLINE notifications when setting reminders and JOB_POSTED on broadcast.
    - Updated app/_layout.tsx foreground listener and received notification handler to automatically refresh notifications store and unread counts in real-time.
    - Replaced single mount useEffect with useFocusEffect in app/(app)/(tabs)/notifications.tsx to auto-refresh notifications upon tab focus.
    - Updated components/notifications/NotificationCard.tsx and InAppNotificationBanner.tsx with complete styling and icons for deadline reminders and new jobs.
    - Added auto-modal opening in app/(app)/placement/center.tsx when deep-linking from notifications.
  [2026-08-31 10:38:00.000] [INFO]  [PROFILE_SCREEN_FIX] Enhanced profile data extraction and tab focus synchronization:
    - Updated features/profile/api.ts and hooks.ts to defensively unpack user object from any response structure (response.data.user, response.data.student, or direct response.data).
    - Integrated useFocusEffect in app/(app)/(tabs)/profile.tsx to automatically re-fetch and synchronize profile data on tab focus.
    - Made program title resolution resilient to both string and object shapes (`profile.program.name` vs `profile.program`).
    - Added defensive array guards for `skills`, `projects`, `resumes`, `leetcode_profiles`, and `sgpa` to prevent rendering exceptions.
    - Updated Avatar.tsx to reset error state upon uri changes.
  [2026-08-31 10:52:00.000] [INFO]  [SERVER_NOTIFICATION_WATCHER_FIX] Implemented real-time Server Notification Watcher for /send-notifications and reminders:
    - Created services/notifications/notificationWatcher.ts with persistent SecureStore tracking of known server notification IDs.
    - Added automatic detection of incoming server notifications from /api/notifications triggered by /api/placement/jobs/:id/send-notifications, scheduled reminders, and broadcasts.
    - Integrated native system tray alert (vibration & sound on appropriate Android channel) + animated floating in-app banner for incoming server notifications.
    - Updated app/_layout.tsx with baseline synchronization on startup, foreground resume sync, and 30-second periodic polling interval.
    - Updated features/auth/authStore.ts to reset notification watcher on logout.
    - Updated components/placement/PlacementJobDetailModal.tsx to pass { sendEmail: true, sendWeb: true } to sendJobNotifications.
    - Verified with npx tsc --noEmit (0 errors).
    - Created docs/realtime-notification-watcher-send-notifications-fix.md and learning/server-notification-watcher-architecture.md.
  [2026-08-31 10:54:00.000] [INFO]  [NOTIFICATION_CHANNEL_FIX] Fixed channelId resolution in notificationWatcher.ts:
    - Updated channel key lookups to use exact NOTIFICATION_CHANNELS keys (`APPLICATION_UPDATES`, `PLACEMENT_JOBS`, `ACADEMIC_RESULTS`, `CAMPUS_ANNOUNCEMENTS`, `GENERAL`).
    - Added defensive fallbacks and per-item try/catch so alert dispatches never halt execution.
    - Verified with npx tsc --noEmit (0 errors).
  [2026-08-31 11:01:00.000] [INFO]  [REMINDER_ALERT_AND_SYNC_FIX] Fixed immediate reminder alert popping and store retention:
    - Updated handleSetReminder in PlacementJobDetailModal.tsx to immediately fire confirmation alert & floating banner while simultaneously scheduling the future OS deadline alarm.
    - Fixed fetchNotifications in store.ts to prevent deleting new local reminder notifications during server list merges.
    - Enhanced notificationWatcher.ts to immediately inject newly discovered server items directly into Zustand state.
  [2026-08-31 11:09:00.000] [INFO]  [ALUMNI_PROFILE_FIX] Resolved Alumni Network Profile hydration, route parameter normalization & card navigation:
    - Updated app/(app)/alumni/profile.tsx to support direct route opening (params.id, params.userId, params.data, and no-param self fallback via useAuthStore / storageService).
    - Added dual-source endpoint hydration: /api/auth/me for authenticated user and /api/profile/:id (with /api/users/:id fallback) for alumni peers.
    - Implemented defensive response envelope unwrapping (raw.user, raw.profile, raw.student, raw.data) and preserved initial fallback profile on network failures.
    - Added self vs peer profile distinction: rendering "Edit Profile" (navigating to /(app)/(tabs)/profile) and "Your Student Profile" badge when viewing own account.
    - Connected live follow action to alumniApi.followUser(userId) (/api/follow/:userId/follow) with optimistic follower count adjustment and error rollback.
    - Added pull-to-refresh (RefreshControl) to profile ScrollView.
    - Fixed image avatar rendering in components/alumni/AlumniCard.tsx (removed duplicate initials view branch).
    - Enabled full profile navigation in components/alumni/MentorCard.tsx and app/(app)/alumni/mentors.tsx.
    - Added author profile navigation in components/alumni/PostCard.tsx, components/alumni/ForumTopicCard.tsx, app/(app)/alumni/community.tsx, app/(app)/alumni/topic.tsx, and app/(app)/alumni/followlist.tsx.
    - Verified full TypeScript compilation: npx tsc --noEmit (0 errors).
  [2026-08-31 11:15:00.000] [INFO]  [PROFILE_OVERFLOW_FIX] Fixed Academic Background, CGPA badge collision, and long text out-of-bounds rendering:
    - Updated app/(app)/(tabs)/profile.tsx to use responsive flexbox layout (flex-1 leading-4 on degree titles + shrink-0 bounded CGPA badge pills) preventing right-side overflow.
    - Deduplicated identical college & university names (e.g. University of Hyderabad).
    - Added min-w-0, shrink-1, and bounded truncation to email addresses and contact rows.
    - Updated app/(app)/alumni/profile.tsx EducationCard and InfoRow to wrap long institution and degree names cleanly.
    - Updated components/alumni/AlumniCard.tsx to prevent long student names from pushing community status pills off-screen.
    - Verified with npx tsc --noEmit (0 errors).
    - Created docs/academic-background-overflow-fix.md and learning/30-responsive-flexbox-and-text-overflow-prevention.md.
  [2026-08-31 21:20:00.000] [INFO]  [PLACEMENT_SAVED_JOBS_FIX] Resolved Saved Jobs rendering, response envelope parsing & store synchronization in Placement Center:
    - Added SAVED_JOB_IDS persistence (getSavedJobIds, saveSavedJobIds) in services/storage.ts for local backup and instant bookmark hydration.
    - Updated features/placement/api.ts (getSavedJobs, saveJob, unsaveJob) with dual-endpoint fallback (/api/placement/bookmarks and /api/placement/jobs/saved).
    - Implemented extractBookmarksArray and normalizeSavedJobItem in features/placement/store.ts to resolve direct PlacementJob objects, populated wrappers, and ID references.
    - Synchronized toggleSaveJob across all Zustand state slices (jobs, closingSoonJobs, selectedJob, bookmarks, dashboardStats.saved) and SecureStore.
    - Updated app/(app)/placement/center.tsx to merge server bookmarks with memory saved jobs, added ActivityIndicator loading state, and search clear CTA.
    - Updated components/placement/PlacementJobDetailModal.tsx to reactively subscribe to Zustand store state for active bookmark status.
    - Verified full TypeScript compilation: npx tsc --noEmit (0 errors).
    - Created docs/placement-saved-jobs-fix.md and learning/31-saved-jobs-and-bookmark-synchronization.md.
  [2026-09-01 15:28:00.000] [INFO]  [DEVICE_REGISTRATION_STANDALONE_BUILD_FIX] Resolved device registration failure in standalone build applications:
    - Root Causes Identified:
      1. Missing Firebase Cloud Messaging configuration: Expo Go embeds Expo FCM credentials, but standalone Android builds (com.scis.connect) require google-services.json and EAS FCM V1 credentials. Without them, native Android throws 'Default FirebaseApp is not initialized in this process com.scis.connect', causing push token acquisition to fail.
      2. Missing EAS projectId fallback: Constants.expoConfig can be null in standalone builds, causing token generation to abort without fallback projectId.
      3. Access token timing race condition: registerForPushNotificationsAsync previously relied strictly on storageService.getAccessToken() which could still be persisting during login.
      4. Android 13+ permission & fast redirect: On cold install, permission dialog acceptance after 400ms login navigation was not retried.
    - Code Changes:
      - Updated services/notifications/notificationPermissions.ts to add hardcoded fallback EAS projectId ("97969023-a829-43e7-8bf0-00ad4847726a"), support tokenOverride parameter, and log descriptive errors for FCM requirements.
      - Updated features/notifications/api.ts registerDevice to accept token override and attach Authorization header directly.
      - Updated features/auth/authStore.ts to pass active access token directly into registerForPushNotificationsAsync on login, silent refresh, and bootstrap.
      - Updated app/(app)/(tabs)/_layout.tsx to perform a secondary push token registration check on tabs mount to handle post-login permission grants.
      - Configured googleServicesFile: "./google-services.json" in app.json.
      - Fixed conditional React Hook order in components/notifications/InAppNotificationBanner.tsx.
    - Verified full TypeScript compilation: npx tsc --noEmit (0 errors).
    - Verified lint: npm run lint (0 errors).
    - Created docs/device-registration-build-app-fix.md and learning/37-fcm-credentials-and-standalone-build-device-registration.md.
  [2026-09-02 23:25:00.000] [INFO]  [FIREBASE_FCM_INTEGRATION_STANDALONE] Integrated google-services.json:
    - Added google-services.json for package com.scis.connect (Firebase project scis-connect).
    - Linked android.googleServicesFile in app.json.
    - Cleaned up diagnostic alert popups from notificationPermissions.ts.
    - Verified full TypeScript compilation (0 errors).
  [2026-09-03 01:33:00.000] [INFO]  [DEVICE_REGISTRATION_DEDUPLICATION] Prevented duplicate device records:
    - Implemented inFlightRegistrationPromise in services/notifications/notificationPermissions.ts to prevent concurrent execution.
    - Added lastRegisteredToken and lastRegisteredAccessToken session tracking to skip duplicate calls.
    - Recompiled Release APK with standalone offline bundle and embedded Firebase.
  [2026-09-03 09:23:00.000] [INFO]  [NAVIGATION_LAYOUT_OTA] Moved General section from Alumni Network to Placement Studio:
    - Removed General section (Profile, Forums, Support, Contact Us) from app/(app)/alumni/index.tsx.
    - Added GENERAL_OPTIONS configuration, handleGeneralOptionPress handler, and General section cards to app/(app)/(tabs)/placement.tsx.
    - Retained full route navigation, light haptic feedback, and logger diagnostics.
    - Verified full TypeScript compilation: npx tsc --noEmit (0 errors).
    - Verified lint: npm run lint (0 errors).
    - Created docs/move-general-option-to-placement-studio.md and learning/38-ota-updates-and-navigation-restructuring.md.
    - Prepared for Over-The-Air (OTA) deployment via EAS Update preview channel.

  [2026-09-03 12:05:00.000] [ERROR] [UI_LIST_KEY] Warning: Each child in a list should have a unique "key" prop.
    - Origin: app/(app)/alumni/support.tsx:147 inside SupportScreen -> ScrollView -> tickets.map
    - Root Cause: SupportScreen rendered ticket cards using `key={ticket._id}`. When tickets returned from the API lacked an `_id` field (e.g. returned `id` instead or missing `_id`), every child in the list received `key={undefined}`, triggering React's list reconciliation key warning in ScrollView.
    - Resolution: Updated `Ticket` interface with optional `_id?: string; id?: string;`, strengthened `fetchTickets` array extraction to handle nested envelope responses, and assigned a robust composite key `key={ticket._id || ticket.id ? `${ticket._id || ticket.id}-${index}` : `ticket-${index}`}` that is guaranteed to be unique across all records. Also added defensive validation to `ticket.createdAt` date rendering.
    - Verification: `npx tsc --noEmit` passed with 0 errors. `npm run lint` passed with 0 errors. Status: RESOLVED.

  [2026-09-03 12:10:00.000] [ERROR] [UI_MODAL_LAYOUT] New Ticket sheet stuck in bottom of screen & obscured by soft keyboard.
    - Origin: app/(app)/alumni/support.tsx:182 inside SupportScreen Create Ticket UI
    - Root Cause: The Create Ticket sheet was implemented as a conditional in-flow `<View className="flex-1 ...">` rendered adjacent to the tickets `<ScrollView>` inside the parent `<SafeAreaView>`. Because it was not a true overlay modal, the ticket list and the form competed for vertical flex space, crushing the form into the bottom 30% of the screen. Furthermore, it lacked `<KeyboardAvoidingView>` and backdrop dismissal, causing software keyboards to completely occlude the input fields.
    - Resolution: Converted the Create Ticket sheet into a true React Native `<Modal visible={showCreate} transparent animationType="slide" statusBarTranslucent>`, wrapped in `<KeyboardAvoidingView behavior={Platform.OS === "ios" ? "padding" : undefined}>`, added a touchable backdrop dismiss area, set generous content padding (`paddingBottom: 40`), and applied `className="flex-1"` to the main tickets list.
    - Verification: `npx tsc --noEmit` passed with 0 errors. `npm run lint` passed with 0 errors. Status: RESOLVED.

  [2026-09-03 12:34:00.000] [INFO]  [CERTIFICATE_GALLERY_EXPORT] Implemented Certificate Preview Modal and direct Photo Gallery download:
    - Installed Expo SDK 54 compatible modules `react-native-view-shot` (4.0.3) and `expo-media-library` (18.2.1).
    - Configured media storage permissions (`READ_MEDIA_IMAGES`, `WRITE_EXTERNAL_STORAGE`) and `expo-media-library` plugin in app.json.
    - Redesigned Certificate Card in components/placement/PlacementDetailModal.tsx matching user reference Image 1 (Trophy rank header, eye preview button, challenge name, date & questions solved, serial badge, Verify link, and Download trigger).
    - Implemented Certificate Preview Modal matching user reference Image 2 with SCIS Connect branding, serif recipient name, 3-column stats block, QR code verification box, verified stamp, and "Download Certificate as PNG" action button.
    - Implemented handleDownloadCertificateToGallery capturing high-DPI view via captureRef and saving to device gallery via MediaLibrary.saveToLibraryAsync with runtime permission prompts and haptic notifications.
    - Verified TypeScript build: npx tsc --noEmit (0 errors).
    - Created docs/certificate-gallery-download-implementation.md and learning/42-view-shot-and-media-library-gallery-export.md.

  [2026-09-03 12:43:00.000] [INFO]  [ASSET_AND_FILE_CLEANUP] Conducted in-depth project audit and safely removed redundant assets & files:
    - Removed unused Expo default images: favicon.png, icon.png, splash-icon.png, android-icon-foreground.png from assets/images/.
    - Cleaned up constants/images.ts to cleanly import and export only active branding (logo).
    - Preserved essential brand and build assets: logo.png (app icon, splash, notifications, favicon), android-icon-background.png (adaptive background layer), and android-icon-monochrome.png (Android 13+ themed icon).
    - Removed deprecated mock data stub features/placement/mockData.ts (empty export {};).
    - Removed obsolete under-construction modal components/home/AlumniCommunityModal.tsx (replaced by full alumni module in app/(app)/alumni/).
    - Removed temporary web export build directory dist/ (~500KB).
    - Created docs/cleanup-unused-assets-and-files.md and updated learning/22-app-branding-and-asset-management.md.
    - Verified compilation: npx tsc --noEmit (0 errors), npm run lint (0 errors).

  [2026-09-03 21:15:00.000] [ERROR] [EAS_GRADLE_BUILD_DAEMON_CRASH] Error: Gradle build failed with unknown error. Could not receive a message from the daemon.
    - Build ID: 096c5e6f-294a-4d7a-8567-d744f4fa61b4 (Android production/store profile, git commit bd1bd2e)
    - Root Cause: Expo EAS Build's internal Maven Artifactory cache (http://maven.production.caches.eas-build.internal/artifactory/libs-release/...) experienced high latency/outage, returning "HTTP 504 Gateway Timeout" for 35+ core POMs (jakarta.activation-api, FastInfoset, kotlin-stdlib, etc.). Gradle hung waiting for socket connections for over 7 minutes until the daemon communication was terminated abruptly.
    - Resolution: Configured EAS_BUILD_DISABLE_MAVEN_CACHE="1" across all profiles in eas.json to bypass Expo's internal Artifactory cache and fetch dependencies directly from upstream Maven Central / Google repositories. Configured GRADLE_OPTS with expanded JVM heap (-Xmx4096m -XX:MaxMetaspaceSize=1024m) to ensure the daemon has ample memory.
    - Verification: TypeScript (npx tsc --noEmit: 0 errors), ESLint (npm run lint: 0 errors), eas.json verified valid JSON schema.

  [2026-09-19 05:10:00.000] [ERROR] [CONTACT_API_CATEGORY_ERROR] HTTP 400 Bad Request: "Category is required" on POST /api/contact.
    - Origin: app/(app)/alumni/contact.tsx:33 inside ContactScreen handleSubmit.
    - Root Cause: The Contact form submitted only `{ subject, message }` without `category`. The backend endpoint `/api/contact` strictly requires `category` matching a backend enum (`General Query`, `Bug Report`, `Feature Request`, `Challenge Issue`, `Leaderboard Issue`, `Profile Issue`, `Account Issue`, `Placement Related`, `Other`), and also enforces `minLength: 20` characters on `message`. Tapping "Send Message" triggered an unhandled 400 rejection and displayed a generic failure alert.
    - Resolution:
      1. Added `CONTACT_CATEGORIES` list and `ContactCategory` type matching the exact 9 valid categories supported by the backend.
      2. Added category selector chips in the UI with light haptic feedback (`Haptics.impactAsync`).
      3. Added character count indicator (`${message.length}/2000`) and client-side threshold warning (`message.length < 20`).
      4. Updated `handleSubmit` to pass `{ subject: cleanSubject, category, message: cleanMessage, source: "mobile" }`.
      5. Enhanced error handling to surface dynamic backend `ApiError` messages.
      6. Wrapped form container in `KeyboardAvoidingView` with `keyboardShouldPersistTaps="handled"` and `TouchableWithoutFeedback` keyboard dismiss.
      7. Registered `API_CONFIG.ENDPOINTS.CONTACT` (`SUBMIT` and `MY_MESSAGES`) in `constants/config.ts`.
    - Verification:
      - Live API: verified `POST /api/contact` returns `200 OK` ("Message sent successfully. Our team will get back to you soon.") and confirmed persistence via `GET /api/contact/my`.
      - TypeScript: `npx tsc --noEmit` passed with 0 errors.
  [2026-09-19 05:18:00.000] [ERROR] [CONTACT_UI_KEYBOARD_OCCLUSION] Message TextInput occluded by software keyboard when typing.
    - Origin: app/(app)/alumni/contact.tsx inside ContactScreen ScrollView.
    - Root Cause:
      1. `KeyboardAvoidingView` was configured with `behavior={Platform.OS === "ios" ? "padding" : undefined}`, performing no viewport or height compensation on Android devices.
      2. `TouchableWithoutFeedback` wrapping `<ScrollView>` interfered with Android touch responder and gesture scrolling.
      3. The bottom padding on `contentContainerStyle` was only 36px, preventing users from scrolling past the tall software keyboard (300-350px).
      4. Missing auto-scrolling on input focus caused the multiline message box to stay concealed under the keyboard.
    - Resolution:
      1. Configured `behavior={Platform.OS === "ios" ? "padding" : "height"}` and `keyboardVerticalOffset={Platform.OS === "ios" ? 10 : 25}`.
      2. Removed outer `TouchableWithoutFeedback` and added native `keyboardDismissMode="on-drag"` and `keyboardShouldPersistTaps="handled"`.
      3. Added active `keyboardVisible` listener and set `paddingBottom: keyboardVisible ? 280 : 40` with `flexGrow: 1`.
      4. Added `scrollViewRef` with `onFocus` auto-scrolling (`scrollToEnd({ animated: true })` for Message, `scrollTo({ y: 140 })` for Subject).
      5. Added a quick "Done" keyboard dismissal button in the header when keyboard is visible.
      6. Explicitly set adaptive high-contrast font colors (`isDark ? "#FFFFFF" : "#0F172A"`).
  [2026-09-19 05:47:00.000] [ERROR] [CERTIFICATE_VERIFICATION_URL_FIX] Verify action in Placement -> My Certificates targeted backend JSON API instead of web verification UI.
    - Origin: components/placement/PlacementDetailModal.tsx:1490 & 2079.
    - Root Cause:
      1. The "Verify" action link and certificate QR code were hardcoded to `${API_CONFIG.BASE_URL}/api/certificates/verify/${cert.serial}`. `BASE_URL` points to the Railway Express backend (`https://mca-connect-backend-production.up.railway.app`), which serves only raw REST JSON (`{"success":false,"message":"Certificate not found"}`) rather than an HTML/React user interface.
      2. Tapping "Verify" opened external device browser rather than in-app browser overlay, disrupting the student mobile workflow.
    - Resolution:
      1. Added `WEB_URL: "https://scisconnect.up.railway.app"` and `VERIFY_WEB: (serial) => ...` to `API_CONFIG` in `constants/config.ts`.
      2. Updated `PlacementDetailModal.tsx` `renderCertificatesContent` to compute canonical public verification URL pointing to `https://scisconnect.up.railway.app/certificate/verify/${encodeURIComponent(serial)}`.
      3. Integrated in-app browser display (`openExternalUrl(verifyUrl, { preferInApp: true })`) with SCIS crimson theme toolbar (`#8B0000`).
      4. Updated Certificate Preview Modal QR code generator to encode the public web verification URL so physical or exported PNG scans land directly on the verified certificate page.
      5. Made QR code box inside the preview modal tap-interactive to allow direct in-app verification.
    - Verification:
      - TypeScript (`npx tsc --noEmit`): 0 errors.
      - Linting (`npm run lint`): 0 errors.
      - Tested public web route `https://scisconnect.up.railway.app/certificate/verify/:serial` returns HTTP 200. Status: RESOLVED.

  [2026-09-19 20:23:00.000] [INFO]  [CERTIFICATE_UI_CLEANUP] Removed redundant "Verify" button from certificate cards in components/placement/PlacementDetailModal.tsx.
    - Origin: components/placement/PlacementDetailModal.tsx inside renderCertificatesContent.
    - Context: Students can directly tap "Download" to open the high-fidelity Certificate Preview Modal (which includes the recipient details, stats, verified badge, and scan-to-verify QR code) and save high-resolution PNGs directly to their photo gallery. Having a duplicate "Verify" link in the bottom action bar was redundant.
    - Resolution: Removed the "Verify" touchable trigger and cleaned up unused `verifyUrl` calculation from `renderCertificatesContent`. Styled the remaining "Download" action aligned cleanly to the right (`justify-end`).
    - Verification: `npx tsc --noEmit` (0 errors), `npm run lint` (0 errors). Status: RESOLVED.

  [2026-09-20 22:15:00.000] [ERROR] [RESULTS_ENDPOINT_INVALID_ID_FIX] HTTP 400 Bad Request: "Invalid _id: improvement" on /api/assessments/results/improvement.
    - Origin: features/results/api.ts & constants/config.ts called from fetchPerformanceAnalytics() in features/results/store.ts.
    - Root Cause:
      1. In constants/config.ts, results analytics endpoints (IMPROVEMENT, SPEED_ANALYSIS, SUGGESTIONS, AI_RECOMMENDATION, LEADERBOARD, REPORT, etc.) were mapped under `/api/assessments/results/*` instead of `/api/results/*`.
      2. The backend Express router at `/api/assessments/results` defines `GET /:id` which validates `:id` as a MongoDB ObjectId. When `/api/assessments/results/improvement` was requested, Express matched `/:id` with `id = "improvement"`, triggering a 400 rejection: `{"success":false,"message":"Invalid _id: improvement"}`.
      3. The actual result analytics and reporting endpoints are mounted under `/api/results/*` on the backend server.
    - Resolution:
      1. Updated `API_CONFIG.ENDPOINTS.RESULTS` in `constants/config.ts` to map canonical endpoints under `/api/results/*` while retaining `/api/assessments/results/my` for student assessments.
      2. Added multi-tier fallback routing in `features/results/api.ts` for `getImprovement()`, `getSpeedAnalysis()`, `getSuggestions()`, `getAIRecommendation()`, `getMyResults()`, `getResult()`, `computeResult()`, `publishResult()`, and `getResultAnalysis()`.
    - Verification:
      - TypeScript (`npx tsc --noEmit`): 0 errors. Status: RESOLVED.

  [2026-09-22 23:28:00.000] [INFO]  [DEPENDENCY_AND_FILE_AUDIT_CLEANUP] Cleaned up unused libraries and legacy components for v2.1.1.
    - Scope: Removed 6 unused dependencies (expo-image-picker, expo-symbols, @react-navigation/bottom-tabs, @react-navigation/elements, @react-navigation/native, expo-system-ui) and 2 unreferenced legacy alumni components (AlumniFilterChips.tsx, PostCard.tsx) alongside obsolete root build/scratch files.
    - Verification:
      - Expo Doctor: 21/21 checks passed (0 issues).
      - TypeScript (`npx tsc --noEmit`): 0 errors.
      - AAB Integrity: Validated in ~/Downloads/scis-connect-v2.1.0.aab (0 errors). Status: RESOLVED.

